// Jest Snapshot v1, https://goo.gl/fbAQLP

exports[`returns valid validation schema 1`] = `
Object {
  "profiles": ArraySchema {
    "_blacklist": ReferenceSet {
      "list": Set {},
      "refs": Map {},
    },
    "_blacklistError": undefined,
    "_typeError": [Function],
    "_whitelist": ReferenceSet {
      "list": Set {},
      "refs": Map {},
    },
    "_whitelistError": undefined,
    "conditions": Array [],
    "deps": Array [],
    "exclusiveTests": Object {
      "unique": false,
    },
    "innerType": StringSchema {
      "_blacklist": ReferenceSet {
        "list": Set {},
        "refs": Map {},
      },
      "_blacklistError": undefined,
      "_typeError": [Function],
      "_whitelist": ReferenceSet {
        "list": Set {},
        "refs": Map {},
      },
      "_whitelistError": undefined,
      "conditions": Array [],
      "deps": Array [],
      "exclusiveTests": Object {
        "matches": false,
        "min": true,
      },
      "spec": Object {
        "abortEarly": true,
        "default": "",
        "nullable": false,
        "presence": "optional",
        "recursive": true,
        "strict": false,
        "strip": false,
      },
      "tests": Array [
        [Function],
        [Function],
      ],
      "transforms": Array [
        [Function],
        [Function],
      ],
      "type": "string",
    },
    "spec": Object {
      "abortEarly": true,
      "nullable": false,
      "presence": "optional",
      "recursive": true,
      "strict": false,
      "strip": false,
    },
    "tests": Array [
      [Function],
    ],
    "transforms": Array [
      [Function],
    ],
    "type": "array",
  },
}
`;
