// Jest Snapshot v1, https://goo.gl/fbAQLP

exports[`constructs valid SC2 profiles 1`] = `
Array [
  "https://starcraft2.com/en-us/profile/1/1/123",
  "https://starcraft2.com/ru-ru/profile/2/2/456",
  "https://starcraft2.com/pl-pl/profile/3/1/789",
]
`;
