// Jest Snapshot v1, https://goo.gl/fbAQLP

exports[`adds validation method correctly 1`] = `
Object {
  "ValidationError": [Function],
  "__esModule": true,
  "addMethod": [Function],
  "array": [Function],
  "bool": [Function],
  "boolean": [Function],
  "date": [Function],
  "isSchema": [Function],
  "lazy": [Function],
  "mixed": [Function],
  "number": [Function],
  "object": [Function],
  "reach": [Function],
  "ref": [Function],
  "setLocale": [Function],
  "string": [Function],
}
`;
