// Jest Snapshot v1, https://goo.gl/fbAQLP

exports[`returns correct save config API URL 1`] = `
Object {
  "method": "TEST_SAVE_CONFIG_METHOD",
  "url": "testSaveConfigUrl",
}
`;
